   1               		.file	"adc.c"
   2               	__SREG__ = 0x3f
   3               	__SP_H__ = 0x3e
   4               	__SP_L__ = 0x3d
   5               	__CCP__  = 0x34
   6               	__tmp_reg__ = 0
   7               	__zero_reg__ = 1
   8               		.global __do_copy_data
   9               		.global __do_clear_bss
  11               		.text
  12               	.Ltext0:
  71               	.global	__vector_8
  73               	__vector_8:
   1:adc.c         **** // ***********************************************************
   2:adc.c         **** // Project:
   3:adc.c         **** // Author:
   4:adc.c         **** // Module description:
   5:adc.c         **** // ***********************************************************
   6:adc.c         **** 
   7:adc.c         **** #include <avr\io.h>              // Most basic include files
   8:adc.c         **** #include <avr\interrupt.h>       // Add the necessary ones
   9:adc.c         **** #include <avr\signal.h>         // here
  10:adc.c         **** int n;
  11:adc.c         **** void delay(unsigned int);
  12:adc.c         **** void lcd_string(char *str);
  13:adc.c         **** void lcd_init(void);
  14:adc.c         **** void lcd_cmd(unsigned char);
  15:adc.c         **** void lcd_data(unsigned char);
  16:adc.c         **** 
  17:adc.c         **** ISR(TIMER1_OVF_vect)
  18:adc.c         **** {
  74               	8,.LM0-.LFBB1
  75               	.LM0:
  76               	.LFBB1:
  77 0000 1F92      		push __zero_reg__
  78 0002 0F92      		push r0
  79 0004 0FB6      		in r0,__SREG__
  80 0006 0F92      		push r0
  81 0008 1124      		clr __zero_reg__
  82 000a DF93      		push r29
  83 000c CF93      		push r28
  84 000e CDB7      		in r28,__SP_L__
  85 0010 DEB7      		in r29,__SP_H__
  86               	/* prologue: Signal */
  87               	/* frame size = 0 */
  19:adc.c         **** 	n=0;
  88               	9,.LM1-.LFBB1
  89               	.LM1:
  90 0012 1092 0000 		sts (n)+1,__zero_reg__
  91 0016 1092 0000 		sts n,__zero_reg__
  92               	/* epilogue start */
  20:adc.c         **** }
  93               	bn	68,0,20,.LM2-.LFBB1
  94               	.LM2:
  95 001a CF91      		pop r28
  96 001c DF91      		pop r29
  97 001e 0F90      		pop r0
  98 0020 0FBE      		out __SREG__,r0
  99 0022 0F90      		pop r0
 100 0024 1F90      		pop __zero_reg__
 101 0026 1895      		reti
 103               	.Lscope1:
 104               		.data
 105               	.LC0:
 106 0000 6869 00   		.string	"hi"
 107               		.text
 109               	.global	main
 111               	main:
  21:adc.c         **** 
  22:adc.c         **** 
  23:adc.c         **** int main(void)
  24:adc.c         **** {
 112               	3-.LFBB2
 113               	.LM3:
 114               	.LFBB2:
 115 0028 DF93      		push r29
 116 002a CF93      		push r28
 117 002c CDB7      		in r28,__SP_L__
 118 002e DEB7      		in r29,__SP_H__
 119 0030 2897      		sbiw r28,8
 120 0032 0FB6      		in __tmp_reg__,__SREG__
 121 0034 F894      		cli
 122 0036 DEBF      		out __SP_H__,r29
 123 0038 0FBE      		out __SREG__,__tmp_reg__
 124 003a CDBF      		out __SP_L__,r28
 125               	/* prologue: function */
 126               	/* frame size = 8 */
  25:adc.c         **** 	int i,j,k,pos;
  26:adc.c         **** 	
  27:adc.c         **** 	DDRD=0XFF;
 127               	,.LM4-.LFBB2
 128               	.LM4:
 129 003c E1E3      		ldi r30,lo8(49)
 130 003e F0E0      		ldi r31,hi8(49)
 131 0040 8FEF      		ldi r24,lo8(-1)
 132 0042 8083      		st Z,r24
  28:adc.c         **** 	DDRB=0XFF;
 133               	n	68,0,28,.LM5-.LFBB2
 134               	.LM5:
 135 0044 E7E3      		ldi r30,lo8(55)
 136 0046 F0E0      		ldi r31,hi8(55)
 137 0048 8FEF      		ldi r24,lo8(-1)
 138 004a 8083      		st Z,r24
  29:adc.c         **** 	PORTB|=(1<<PB1);
 139               	n	68,0,29,.LM6-.LFBB2
 140               	.LM6:
 141 004c A8E3      		ldi r26,lo8(56)
 142 004e B0E0      		ldi r27,hi8(56)
 143 0050 E8E3      		ldi r30,lo8(56)
 144 0052 F0E0      		ldi r31,hi8(56)
 145 0054 8081      		ld r24,Z
 146 0056 8260      		ori r24,lo8(2)
 147 0058 8C93      		st X,r24
  30:adc.c         **** 	TIMSK|=(1<<TOIE1);
 148               	8,0,30,.LM7-.LFBB2
 149               	.LM7:
 150 005a A9E5      		ldi r26,lo8(89)
 151 005c B0E0      		ldi r27,hi8(89)
 152 005e E9E5      		ldi r30,lo8(89)
 153 0060 F0E0      		ldi r31,hi8(89)
 154 0062 8081      		ld r24,Z
 155 0064 8460      		ori r24,lo8(4)
 156 0066 8C93      		st X,r24
  31:adc.c         **** 	DDRC&=~(1<<PC1);
 157               	8,0,31,.LM8-.LFBB2
 158               	.LM8:
 159 0068 A4E3      		ldi r26,lo8(52)
 160 006a B0E0      		ldi r27,hi8(52)
 161 006c E4E3      		ldi r30,lo8(52)
 162 006e F0E0      		ldi r31,hi8(52)
 163 0070 8081      		ld r24,Z
 164 0072 8D7F      		andi r24,lo8(-3)
 165 0074 8C93      		st X,r24
  32:adc.c         **** 	PORTC|=(1<<PC1);
 166               	8,0,32,.LM9-.LFBB2
 167               	.LM9:
 168 0076 A5E3      		ldi r26,lo8(53)
 169 0078 B0E0      		ldi r27,hi8(53)
 170 007a E5E3      		ldi r30,lo8(53)
 171 007c F0E0      		ldi r31,hi8(53)
 172 007e 8081      		ld r24,Z
 173 0080 8260      		ori r24,lo8(2)
 174 0082 8C93      		st X,r24
  33:adc.c         **** 	ADCSRA=(1<<ADEN)|(1<<ADPS2)|(1<<ADPS1)|(1<<ADPS0);
 175               	8,0,33,.LM10-.LFBB2
 176               	.LM10:
 177 0084 E6E2      		ldi r30,lo8(38)
 178 0086 F0E0      		ldi r31,hi8(38)
 179 0088 87E8      		ldi r24,lo8(-121)
 180 008a 8083      		st Z,r24
  34:adc.c         **** 	ADMUX=(1<<REFS0)|(1<<MUX0);
 181               	n	68,0,34,.LM11-.LFBB2
 182               	.LM11:
 183 008c E7E2      		ldi r30,lo8(39)
 184 008e F0E0      		ldi r31,hi8(39)
 185 0090 81E4      		ldi r24,lo8(65)
 186 0092 8083      		st Z,r24
  35:adc.c         **** 	sei();
 187               	n	68,0,35,.LM12-.LFBB2
 188               	.LM12:
 189               	/* #APP */
 190               	 ;  35 "adc.c" 1
 191 0094 7894      		sei
 192               	 ;  0 "" 2
  36:adc.c         **** 	lcd_init();
 193               	n	68,0,36,.LM13-.LFBB2
 194               	.LM13:
 195               	/* #NOAPP */
 196 0096 00D0      		rcall lcd_init
  37:adc.c         **** 	lcd_string("hi");
 197               	abn	68,0,37,.LM14-.LFBB2
 198               	.LM14:
 199 0098 80E0      		ldi r24,lo8(.LC0)
 200 009a 90E0      		ldi r25,hi8(.LC0)
 201 009c 00D0      		rcall lcd_string
 202               	.L7:
  38:adc.c         **** 	while(1)
  39:adc.c         **** 	{
  40:adc.c         **** 	ADCSRA|=(1<<ADSC);
 203               	n	68,0,40,.LM15-.LFBB2
 204               	.LM15:
 205 009e A6E2      		ldi r26,lo8(38)
 206 00a0 B0E0      		ldi r27,hi8(38)
 207 00a2 E6E2      		ldi r30,lo8(38)
 208 00a4 F0E0      		ldi r31,hi8(38)
 209 00a6 8081      		ld r24,Z
 210 00a8 8064      		ori r24,lo8(64)
 211 00aa 8C93      		st X,r24
 212               	.L4:
  41:adc.c         **** 	while((ADCSRA&(1<<ADIF))==0);
 213               	,0,41,.LM16-.LFBB2
 214               	.LM16:
 215 00ac E6E2      		ldi r30,lo8(38)
 216 00ae F0E0      		ldi r31,hi8(38)
 217 00b0 8081      		ld r24,Z
 218 00b2 882F      		mov r24,r24
 219 00b4 90E0      		ldi r25,lo8(0)
 220 00b6 8071      		andi r24,lo8(16)
 221 00b8 9070      		andi r25,hi8(16)
 222 00ba 0097      		sbiw r24,0
 223 00bc 01F0      		breq .L4
  42:adc.c         **** 	i=ADCL;
 224               	0,42,.LM17-.LFBB2
 225               	.LM17:
 226 00be E4E2      		ldi r30,lo8(36)
 227 00c0 F0E0      		ldi r31,hi8(36)
 228 00c2 8081      		ld r24,Z
 229 00c4 882F      		mov r24,r24
 230 00c6 90E0      		ldi r25,lo8(0)
 231 00c8 9887      		std Y+8,r25
 232 00ca 8F83      		std Y+7,r24
  43:adc.c         **** 	j=ADCH;
 233               	8,0,43,.LM18-.LFBB2
 234               	.LM18:
 235 00cc E5E2      		ldi r30,lo8(37)
 236 00ce F0E0      		ldi r31,hi8(37)
 237 00d0 8081      		ld r24,Z
 238 00d2 882F      		mov r24,r24
 239 00d4 90E0      		ldi r25,lo8(0)
 240 00d6 9E83      		std Y+6,r25
 241 00d8 8D83      		std Y+5,r24
  44:adc.c         **** 	ADCSRA&=~(1<<ADIF);
 242               	8,0,44,.LM19-.LFBB2
 243               	.LM19:
 244 00da A6E2      		ldi r26,lo8(38)
 245 00dc B0E0      		ldi r27,hi8(38)
 246 00de E6E2      		ldi r30,lo8(38)
 247 00e0 F0E0      		ldi r31,hi8(38)
 248 00e2 8081      		ld r24,Z
 249 00e4 8F7E      		andi r24,lo8(-17)
 250 00e6 8C93      		st X,r24
  45:adc.c         **** 	j=j&0x03;
 251               	8,0,45,.LM20-.LFBB2
 252               	.LM20:
 253 00e8 8D81      		ldd r24,Y+5
 254 00ea 9E81      		ldd r25,Y+6
 255 00ec 8370      		andi r24,lo8(3)
 256 00ee 9070      		andi r25,hi8(3)
 257 00f0 9E83      		std Y+6,r25
 258 00f2 8D83      		std Y+5,r24
  46:adc.c         **** 	//lcd_string("value converted");
  47:adc.c         **** 	i=(i&0xff)|(j<<8);
 259               	68,0,47,.LM21-.LFBB2
 260               	.LM21:
 261 00f4 8F81      		ldd r24,Y+7
 262 00f6 9885      		ldd r25,Y+8
 263 00f8 9C01      		movw r18,r24
 264 00fa 3070      		andi r19,hi8(255)
 265 00fc 8D81      		ldd r24,Y+5
 266 00fe 9E81      		ldd r25,Y+6
 267 0100 982F      		mov r25,r24
 268 0102 8827      		clr r24
 269 0104 822B      		or r24,r18
 270 0106 932B      		or r25,r19
 271 0108 9887      		std Y+8,r25
 272 010a 8F83      		std Y+7,r24
  48:adc.c         **** 	
  49:adc.c         **** 		lcd_cmd(0x01);
 273               	9,.LM22-.LFBB2
 274               	.LM22:
 275 010c 81E0      		ldi r24,lo8(1)
 276 010e 00D0      		rcall lcd_cmd
  50:adc.c         **** 		delay(2);
 277               	abn	68,0,50,.LM23-.LFBB2
 278               	.LM23:
 279 0110 82E0      		ldi r24,lo8(2)
 280 0112 90E0      		ldi r25,hi8(2)
 281 0114 00D0      		rcall delay
  51:adc.c         **** 	   pos=0x82;	
 282               	bn	68,0,51,.LM24-.LFBB2
 283               	.LM24:
 284 0116 82E8      		ldi r24,lo8(130)
 285 0118 90E0      		ldi r25,hi8(130)
 286 011a 9A83      		std Y+2,r25
 287 011c 8983      		std Y+1,r24
  52:adc.c         **** 		//	delay(200);
  53:adc.c         **** 		for(k=0;k<3;k++)
 288               	n	68,0,53,.LM25-.LFBB2
 289               	.LM25:
 290 011e 1C82      		std Y+4,__zero_reg__
 291 0120 1B82      		std Y+3,__zero_reg__
 292 0122 00C0      		rjmp .L5
 293               	.L6:
  54:adc.c         **** 		{
  55:adc.c         **** 		   lcd_cmd(pos--);
 294               	n	68,0,55,.LM26-.LFBB2
 295               	.LM26:
 296 0124 2981      		ldd r18,Y+1
 297 0126 8981      		ldd r24,Y+1
 298 0128 9A81      		ldd r25,Y+2
 299 012a 0197      		sbiw r24,1
 300 012c 9A83      		std Y+2,r25
 301 012e 8983      		std Y+1,r24
 302 0130 822F      		mov r24,r18
 303 0132 00D0      		rcall lcd_cmd
  56:adc.c         **** 		   delay(4);
 304               	,0,56,.LM27-.LFBB2
 305               	.LM27:
 306 0134 84E0      		ldi r24,lo8(4)
 307 0136 90E0      		ldi r25,hi8(4)
 308 0138 00D0      		rcall delay
  57:adc.c         **** 			lcd_data((i%10+'0'));
 309               	bn	68,0,57,.LM28-.LFBB2
 310               	.LM28:
 311 013a 8F81      		ldd r24,Y+7
 312 013c 9885      		ldd r25,Y+8
 313 013e 2AE0      		ldi r18,lo8(10)
 314 0140 30E0      		ldi r19,hi8(10)
 315 0142 B901      		movw r22,r18
 316 0144 00D0      		rcall __divmodhi4
 317 0146 805D      		subi r24,lo8(-(48))
 318 0148 00D0      		rcall lcd_data
  58:adc.c         **** 			i=i/10;
 319               	,0,58,.LM29-.LFBB2
 320               	.LM29:
 321 014a 8F81      		ldd r24,Y+7
 322 014c 9885      		ldd r25,Y+8
 323 014e 2AE0      		ldi r18,lo8(10)
 324 0150 30E0      		ldi r19,hi8(10)
 325 0152 B901      		movw r22,r18
 326 0154 00D0      		rcall __divmodhi4
 327 0156 CB01      		movw r24,r22
 328 0158 9887      		std Y+8,r25
 329 015a 8F83      		std Y+7,r24
 331               	.LM30:
 332 015c 8B81      		ldd r24,Y+3
 333 015e 9C81      		ldd r25,Y+4
 334 0160 0196      		adiw r24,1
 335 0162 9C83      		std Y+4,r25
 336 0164 8B83      		std Y+3,r24
 337               	.L5:
 338 0166 8B81      		ldd r24,Y+3
 339 0168 9C81      		ldd r25,Y+4
 340 016a 8330      		cpi r24,3
 341 016c 9105      		cpc r25,__zero_reg__
 342 016e 04F0      		brlt .L6
  59:adc.c         **** 		}
  60:adc.c         **** 		delay(1000);
 343               	FBB2
 344               	.LM31:
 345 0170 88EE      		ldi r24,lo8(1000)
 346 0172 93E0      		ldi r25,hi8(1000)
 347 0174 00D0      		rcall delay
 348 0176 00C0      		rjmp .L7
 356               	.Lscope2:
 358               	.global	lcd_init
 360               	lcd_init:
  61:adc.c         **** 	}
  62:adc.c         **** 	
  63:adc.c         **** }
  64:adc.c         **** 
  65:adc.c         **** 
  66:adc.c         **** 
  67:adc.c         **** 
  68:adc.c         **** void lcd_init(void)
  69:adc.c         **** {
 361               	M32-.LFBB3
 362               	.LM32:
 363               	.LFBB3:
 364 0178 DF93      		push r29
 365 017a CF93      		push r28
 366 017c CDB7      		in r28,__SP_L__
 367 017e DEB7      		in r29,__SP_H__
 368               	/* prologue: function */
 369               	/* frame size = 0 */
  70:adc.c         **** 	delay(16);
 370               	8,0,70,.LM33-.LFBB3
 371               	.LM33:
 372 0180 80E1      		ldi r24,lo8(16)
 373 0182 90E0      		ldi r25,hi8(16)
 374 0184 00D0      		rcall delay
  71:adc.c         **** 	lcd_cmd(0x33);
 375               	bn	68,0,71,.LM34-.LFBB3
 376               	.LM34:
 377 0186 83E3      		ldi r24,lo8(51)
 378 0188 00D0      		rcall lcd_cmd
  72:adc.c         **** 	lcd_cmd(0x32);
 379               	abn	68,0,72,.LM35-.LFBB3
 380               	.LM35:
 381 018a 82E3      		ldi r24,lo8(50)
 382 018c 00D0      		rcall lcd_cmd
  73:adc.c         **** 	lcd_cmd(0x28);
 383               	abn	68,0,73,.LM36-.LFBB3
 384               	.LM36:
 385 018e 88E2      		ldi r24,lo8(40)
 386 0190 00D0      		rcall lcd_cmd
  74:adc.c         **** 	lcd_cmd(0x01);
 387               	abn	68,0,74,.LM37-.LFBB3
 388               	.LM37:
 389 0192 81E0      		ldi r24,lo8(1)
 390 0194 00D0      		rcall lcd_cmd
  75:adc.c         **** 	lcd_cmd(0x0e);
 391               	abn	68,0,75,.LM38-.LFBB3
 392               	.LM38:
 393 0196 8EE0      		ldi r24,lo8(14)
 394 0198 00D0      		rcall lcd_cmd
  76:adc.c         **** 	delay(10);
 395               	abn	68,0,76,.LM39-.LFBB3
 396               	.LM39:
 397 019a 8AE0      		ldi r24,lo8(10)
 398 019c 90E0      		ldi r25,hi8(10)
 399 019e 00D0      		rcall delay
 400               	/* epilogue start */
  77:adc.c         **** 	
  78:adc.c         **** }
 401               	n	68,0,78,.LM40-.LFBB3
 402               	.LM40:
 403 01a0 CF91      		pop r28
 404 01a2 DF91      		pop r29
 405 01a4 0895      		ret
 407               	.Lscope3:
 410               	.global	lcd_string
 412               	lcd_string:
  79:adc.c         **** 
  80:adc.c         **** void lcd_string(char *str)
  81:adc.c         **** {
 413               	,81,.LM41-.LFBB4
 414               	.LM41:
 415               	.LFBB4:
 416 01a6 DF93      		push r29
 417 01a8 CF93      		push r28
 418 01aa 00D0      		rcall .
 419 01ac CDB7      		in r28,__SP_L__
 420 01ae DEB7      		in r29,__SP_H__
 421               	/* prologue: function */
 422               	/* frame size = 2 */
 423 01b0 9A83      		std Y+2,r25
 424 01b2 8983      		std Y+1,r24
 425 01b4 00C0      		rjmp .L12
 426               	.L13:
  82:adc.c         **** 	while(*str)
  83:adc.c         **** 	{
  84:adc.c         **** 		lcd_data(*str);
 427               	4,.LM42-.LFBB4
 428               	.LM42:
 429 01b6 E981      		ldd r30,Y+1
 430 01b8 FA81      		ldd r31,Y+2
 431 01ba 8081      		ld r24,Z
 432 01bc 00D0      		rcall lcd_data
  85:adc.c         **** 		str++;
 433               	n	68,0,85,.LM43-.LFBB4
 434               	.LM43:
 435 01be 8981      		ldd r24,Y+1
 436 01c0 9A81      		ldd r25,Y+2
 437 01c2 0196      		adiw r24,1
 438 01c4 9A83      		std Y+2,r25
 439 01c6 8983      		std Y+1,r24
 440               	.L12:
 442               	.LM44:
 443 01c8 E981      		ldd r30,Y+1
 444 01ca FA81      		ldd r31,Y+2
 445 01cc 8081      		ld r24,Z
 446 01ce 8823      		tst r24
 447 01d0 01F4      		brne .L13
 448               	/* epilogue start */
  86:adc.c         **** 	}
  87:adc.c         **** }
 449               	.LM45-.LFBB4
 450               	.LM45:
 451 01d2 0F90      		pop __tmp_reg__
 452 01d4 0F90      		pop __tmp_reg__
 453 01d6 CF91      		pop r28
 454 01d8 DF91      		pop r29
 455 01da 0895      		ret
 457               	.Lscope4:
 460               	.global	lcd_cmd
 462               	lcd_cmd:
  88:adc.c         **** void lcd_cmd(unsigned char data)
  89:adc.c         **** {
 463               	9,.LM46-.LFBB5
 464               	.LM46:
 465               	.LFBB5:
 466 01dc DF93      		push r29
 467 01de CF93      		push r28
 468 01e0 0F92      		push __tmp_reg__
 469 01e2 CDB7      		in r28,__SP_L__
 470 01e4 DEB7      		in r29,__SP_H__
 471               	/* prologue: function */
 472               	/* frame size = 1 */
 473 01e6 8983      		std Y+1,r24
  90:adc.c         **** 	PORTD=(data&0xf0);
 474               	0,90,.LM47-.LFBB5
 475               	.LM47:
 476 01e8 E2E3      		ldi r30,lo8(50)
 477 01ea F0E0      		ldi r31,hi8(50)
 478 01ec 8981      		ldd r24,Y+1
 479 01ee 807F      		andi r24,lo8(-16)
 480 01f0 8083      		st Z,r24
  91:adc.c         **** 	PORTB&=~(1<<PB5);
 481               		68,0,91,.LM48-.LFBB5
 482               	.LM48:
 483 01f2 A8E3      		ldi r26,lo8(56)
 484 01f4 B0E0      		ldi r27,hi8(56)
 485 01f6 E8E3      		ldi r30,lo8(56)
 486 01f8 F0E0      		ldi r31,hi8(56)
 487 01fa 8081      		ld r24,Z
 488 01fc 8F7D      		andi r24,lo8(-33)
 489 01fe 8C93      		st X,r24
  92:adc.c         **** 	PORTB|=(1<<PB4);
 490               	8,0,92,.LM49-.LFBB5
 491               	.LM49:
 492 0200 A8E3      		ldi r26,lo8(56)
 493 0202 B0E0      		ldi r27,hi8(56)
 494 0204 E8E3      		ldi r30,lo8(56)
 495 0206 F0E0      		ldi r31,hi8(56)
 496 0208 8081      		ld r24,Z
 497 020a 8061      		ori r24,lo8(16)
 498 020c 8C93      		st X,r24
  93:adc.c         **** 	delay(1);
 499               	8,0,93,.LM50-.LFBB5
 500               	.LM50:
 501 020e 81E0      		ldi r24,lo8(1)
 502 0210 90E0      		ldi r25,hi8(1)
 503 0212 00D0      		rcall delay
  94:adc.c         **** 	PORTB&=~(1<<PB4);
 504               	bn	68,0,94,.LM51-.LFBB5
 505               	.LM51:
 506 0214 A8E3      		ldi r26,lo8(56)
 507 0216 B0E0      		ldi r27,hi8(56)
 508 0218 E8E3      		ldi r30,lo8(56)
 509 021a F0E0      		ldi r31,hi8(56)
 510 021c 8081      		ld r24,Z
 511 021e 8F7E      		andi r24,lo8(-17)
 512 0220 8C93      		st X,r24
  95:adc.c         **** 	delay(2);
 513               	8,0,95,.LM52-.LFBB5
 514               	.LM52:
 515 0222 82E0      		ldi r24,lo8(2)
 516 0224 90E0      		ldi r25,hi8(2)
 517 0226 00D0      		rcall delay
  96:adc.c         **** 	PORTD=(data<<4);
 518               	bn	68,0,96,.LM53-.LFBB5
 519               	.LM53:
 520 0228 E2E3      		ldi r30,lo8(50)
 521 022a F0E0      		ldi r31,hi8(50)
 522 022c 8981      		ldd r24,Y+1
 523 022e 8295      		swap r24
 524 0230 807F      		andi r24,lo8(-16)
 525 0232 8083      		st Z,r24
  97:adc.c         **** 	PORTB|=(1<<PB4);
 526               	68,0,97,.LM54-.LFBB5
 527               	.LM54:
 528 0234 A8E3      		ldi r26,lo8(56)
 529 0236 B0E0      		ldi r27,hi8(56)
 530 0238 E8E3      		ldi r30,lo8(56)
 531 023a F0E0      		ldi r31,hi8(56)
 532 023c 8081      		ld r24,Z
 533 023e 8061      		ori r24,lo8(16)
 534 0240 8C93      		st X,r24
  98:adc.c         **** 	delay(1);
 535               	8,0,98,.LM55-.LFBB5
 536               	.LM55:
 537 0242 81E0      		ldi r24,lo8(1)
 538 0244 90E0      		ldi r25,hi8(1)
 539 0246 00D0      		rcall delay
  99:adc.c         **** 	PORTB&=~(1<<PB4);
 540               	bn	68,0,99,.LM56-.LFBB5
 541               	.LM56:
 542 0248 A8E3      		ldi r26,lo8(56)
 543 024a B0E0      		ldi r27,hi8(56)
 544 024c E8E3      		ldi r30,lo8(56)
 545 024e F0E0      		ldi r31,hi8(56)
 546 0250 8081      		ld r24,Z
 547 0252 8F7E      		andi r24,lo8(-17)
 548 0254 8C93      		st X,r24
 100:adc.c         **** 	delay(2);	
 549               	8,0,100,.LM57-.LFBB5
 550               	.LM57:
 551 0256 82E0      		ldi r24,lo8(2)
 552 0258 90E0      		ldi r25,hi8(2)
 553 025a 00D0      		rcall delay
 554               	/* epilogue start */
 101:adc.c         **** }
 555               	n	68,0,101,.LM58-.LFBB5
 556               	.LM58:
 557 025c 0F90      		pop __tmp_reg__
 558 025e CF91      		pop r28
 559 0260 DF91      		pop r29
 560 0262 0895      		ret
 562               	.Lscope5:
 565               	.global	lcd_data
 567               	lcd_data:
 102:adc.c         **** 
 103:adc.c         **** void lcd_data(unsigned char data)
 104:adc.c         **** {
 568               	104,.LM59-.LFBB6
 569               	.LM59:
 570               	.LFBB6:
 571 0264 DF93      		push r29
 572 0266 CF93      		push r28
 573 0268 0F92      		push __tmp_reg__
 574 026a CDB7      		in r28,__SP_L__
 575 026c DEB7      		in r29,__SP_H__
 576               	/* prologue: function */
 577               	/* frame size = 1 */
 578 026e 8983      		std Y+1,r24
 105:adc.c         **** 	PORTD=(data&0xf0);
 579               	0,105,.LM60-.LFBB6
 580               	.LM60:
 581 0270 E2E3      		ldi r30,lo8(50)
 582 0272 F0E0      		ldi r31,hi8(50)
 583 0274 8981      		ldd r24,Y+1
 584 0276 807F      		andi r24,lo8(-16)
 585 0278 8083      		st Z,r24
 106:adc.c         **** 	PORTB|=(1<<PB5);
 586               		68,0,106,.LM61-.LFBB6
 587               	.LM61:
 588 027a A8E3      		ldi r26,lo8(56)
 589 027c B0E0      		ldi r27,hi8(56)
 590 027e E8E3      		ldi r30,lo8(56)
 591 0280 F0E0      		ldi r31,hi8(56)
 592 0282 8081      		ld r24,Z
 593 0284 8062      		ori r24,lo8(32)
 594 0286 8C93      		st X,r24
 107:adc.c         **** 	PORTB|=(1<<PB4);
 595               	8,0,107,.LM62-.LFBB6
 596               	.LM62:
 597 0288 A8E3      		ldi r26,lo8(56)
 598 028a B0E0      		ldi r27,hi8(56)
 599 028c E8E3      		ldi r30,lo8(56)
 600 028e F0E0      		ldi r31,hi8(56)
 601 0290 8081      		ld r24,Z
 602 0292 8061      		ori r24,lo8(16)
 603 0294 8C93      		st X,r24
 108:adc.c         **** 	delay(1);
 604               	8,0,108,.LM63-.LFBB6
 605               	.LM63:
 606 0296 81E0      		ldi r24,lo8(1)
 607 0298 90E0      		ldi r25,hi8(1)
 608 029a 00D0      		rcall delay
 109:adc.c         **** 	PORTB&=~(1<<PB4);
 609               	bn	68,0,109,.LM64-.LFBB6
 610               	.LM64:
 611 029c A8E3      		ldi r26,lo8(56)
 612 029e B0E0      		ldi r27,hi8(56)
 613 02a0 E8E3      		ldi r30,lo8(56)
 614 02a2 F0E0      		ldi r31,hi8(56)
 615 02a4 8081      		ld r24,Z
 616 02a6 8F7E      		andi r24,lo8(-17)
 617 02a8 8C93      		st X,r24
 110:adc.c         **** 	delay(2);
 618               	8,0,110,.LM65-.LFBB6
 619               	.LM65:
 620 02aa 82E0      		ldi r24,lo8(2)
 621 02ac 90E0      		ldi r25,hi8(2)
 622 02ae 00D0      		rcall delay
 111:adc.c         **** 	PORTD=(data<<4);
 623               	bn	68,0,111,.LM66-.LFBB6
 624               	.LM66:
 625 02b0 E2E3      		ldi r30,lo8(50)
 626 02b2 F0E0      		ldi r31,hi8(50)
 627 02b4 8981      		ldd r24,Y+1
 628 02b6 8295      		swap r24
 629 02b8 807F      		andi r24,lo8(-16)
 630 02ba 8083      		st Z,r24
 112:adc.c         **** 	PORTB|=(1<<PB4);
 631               	68,0,112,.LM67-.LFBB6
 632               	.LM67:
 633 02bc A8E3      		ldi r26,lo8(56)
 634 02be B0E0      		ldi r27,hi8(56)
 635 02c0 E8E3      		ldi r30,lo8(56)
 636 02c2 F0E0      		ldi r31,hi8(56)
 637 02c4 8081      		ld r24,Z
 638 02c6 8061      		ori r24,lo8(16)
 639 02c8 8C93      		st X,r24
 113:adc.c         **** 	delay(1);
 640               	8,0,113,.LM68-.LFBB6
 641               	.LM68:
 642 02ca 81E0      		ldi r24,lo8(1)
 643 02cc 90E0      		ldi r25,hi8(1)
 644 02ce 00D0      		rcall delay
 114:adc.c         **** 	PORTB&=~(1<<PB4);
 645               	bn	68,0,114,.LM69-.LFBB6
 646               	.LM69:
 647 02d0 A8E3      		ldi r26,lo8(56)
 648 02d2 B0E0      		ldi r27,hi8(56)
 649 02d4 E8E3      		ldi r30,lo8(56)
 650 02d6 F0E0      		ldi r31,hi8(56)
 651 02d8 8081      		ld r24,Z
 652 02da 8F7E      		andi r24,lo8(-17)
 653 02dc 8C93      		st X,r24
 115:adc.c         **** 	delay(2);	
 654               	8,0,115,.LM70-.LFBB6
 655               	.LM70:
 656 02de 82E0      		ldi r24,lo8(2)
 657 02e0 90E0      		ldi r25,hi8(2)
 658 02e2 00D0      		rcall delay
 659               	/* epilogue start */
 116:adc.c         **** }
 660               	n	68,0,116,.LM71-.LFBB6
 661               	.LM71:
 662 02e4 0F90      		pop __tmp_reg__
 663 02e6 CF91      		pop r28
 664 02e8 DF91      		pop r29
 665 02ea 0895      		ret
 667               	.Lscope6:
 670               	.global	delay
 672               	delay:
 117:adc.c         **** 
 118:adc.c         **** void delay(unsigned int cnt)
 119:adc.c         **** {
 673               	119,.LM72-.LFBB7
 674               	.LM72:
 675               	.LFBB7:
 676 02ec DF93      		push r29
 677 02ee CF93      		push r28
 678 02f0 00D0      		rcall .
 679 02f2 00D0      		rcall .
 680 02f4 CDB7      		in r28,__SP_L__
 681 02f6 DEB7      		in r29,__SP_H__
 682               	/* prologue: function */
 683               	/* frame size = 4 */
 684 02f8 9C83      		std Y+4,r25
 685 02fa 8B83      		std Y+3,r24
 120:adc.c         **** 	int i;
 121:adc.c         **** 	for(i=0;i<cnt;i++)
 686               	121,.LM73-.LFBB7
 687               	.LM73:
 688 02fc 1A82      		std Y+2,__zero_reg__
 689 02fe 1982      		std Y+1,__zero_reg__
 690 0300 00C0      		rjmp .L20
 691               	.L22:
 122:adc.c         **** 	{  n=1;
 692               	n	68,0,122,.LM74-.LFBB7
 693               	.LM74:
 694 0302 81E0      		ldi r24,lo8(1)
 695 0304 90E0      		ldi r25,hi8(1)
 696 0306 9093 0000 		sts (n)+1,r25
 697 030a 8093 0000 		sts n,r24
 123:adc.c         **** 		TCNT1H=0XFF;
 698               	n	68,0,123,.LM75-.LFBB7
 699               	.LM75:
 700 030e EDE4      		ldi r30,lo8(77)
 701 0310 F0E0      		ldi r31,hi8(77)
 702 0312 8FEF      		ldi r24,lo8(-1)
 703 0314 8083      		st Z,r24
 124:adc.c         **** 		TCNT1L=0X84;
 704               	n	68,0,124,.LM76-.LFBB7
 705               	.LM76:
 706 0316 ECE4      		ldi r30,lo8(76)
 707 0318 F0E0      		ldi r31,hi8(76)
 708 031a 84E8      		ldi r24,lo8(-124)
 709 031c 8083      		st Z,r24
 125:adc.c         **** 		TCCR1B|=(1<<CS10)|(1<<CS11);
 710               	n	68,0,125,.LM77-.LFBB7
 711               	.LM77:
 712 031e AEE4      		ldi r26,lo8(78)
 713 0320 B0E0      		ldi r27,hi8(78)
 714 0322 EEE4      		ldi r30,lo8(78)
 715 0324 F0E0      		ldi r31,hi8(78)
 716 0326 8081      		ld r24,Z
 717 0328 8360      		ori r24,lo8(3)
 718 032a 8C93      		st X,r24
 719               	.L21:
 126:adc.c         **** 		while(n);
 720               	,0,126,.LM78-.LFBB7
 721               	.LM78:
 722 032c 8091 0000 		lds r24,n
 723 0330 9091 0000 		lds r25,(n)+1
 724 0334 0097      		sbiw r24,0
 725 0336 01F4      		brne .L21
 727               	.LM79:
 728 0338 8981      		ldd r24,Y+1
 729 033a 9A81      		ldd r25,Y+2
 730 033c 0196      		adiw r24,1
 731 033e 9A83      		std Y+2,r25
 732 0340 8983      		std Y+1,r24
 733               	.L20:
 734 0342 2981      		ldd r18,Y+1
 735 0344 3A81      		ldd r19,Y+2
 736 0346 8B81      		ldd r24,Y+3
 737 0348 9C81      		ldd r25,Y+4
 738 034a 2817      		cp r18,r24
 739 034c 3907      		cpc r19,r25
 740 034e 00F0      		brlo .L22
 741               	/* epilogue start */
 127:adc.c         **** 	}
 128:adc.c         **** }
 742               	-.LFBB7
 743               	.LM80:
 744 0350 0F90      		pop __tmp_reg__
 745 0352 0F90      		pop __tmp_reg__
 746 0354 0F90      		pop __tmp_reg__
 747 0356 0F90      		pop __tmp_reg__
 748 0358 CF91      		pop r28
 749 035a DF91      		pop r29
 750 035c 0895      		ret
 755               	.Lscope7:
 756               		.comm n,2,1
 759               	.Letext0:
DEFINED SYMBOLS
                            *ABS*:00000000 adc.c
C:\users\cdac1\Temp/ccJZ1Tzq.s:2      *ABS*:0000003f __SREG__
C:\users\cdac1\Temp/ccJZ1Tzq.s:3      *ABS*:0000003e __SP_H__
C:\users\cdac1\Temp/ccJZ1Tzq.s:4      *ABS*:0000003d __SP_L__
C:\users\cdac1\Temp/ccJZ1Tzq.s:5      *ABS*:00000034 __CCP__
C:\users\cdac1\Temp/ccJZ1Tzq.s:6      *ABS*:00000000 __tmp_reg__
C:\users\cdac1\Temp/ccJZ1Tzq.s:7      *ABS*:00000001 __zero_reg__
C:\users\cdac1\Temp/ccJZ1Tzq.s:73     .text:00000000 __vector_8
                            *COM*:00000002 n
C:\users\cdac1\Temp/ccJZ1Tzq.s:111    .text:00000028 main
C:\users\cdac1\Temp/ccJZ1Tzq.s:360    .text:00000178 lcd_init
C:\users\cdac1\Temp/ccJZ1Tzq.s:412    .text:000001a6 lcd_string
C:\users\cdac1\Temp/ccJZ1Tzq.s:462    .text:000001dc lcd_cmd
C:\users\cdac1\Temp/ccJZ1Tzq.s:672    .text:000002ec delay
C:\users\cdac1\Temp/ccJZ1Tzq.s:567    .text:00000264 lcd_data

UNDEFINED SYMBOLS
__do_copy_data
__do_clear_bss
__divmodhi4
